[    0.000000] Initializing cgroup subsys cpuset
[    0.000000] Initializing cgroup subsys cpu
[    0.000000] Initializing cgroup subsys cpuacct
[    0.000000] Linux version 4.4.0-148-generic (buildd@lgw01-amd64-031) (gcc version 5.4.0 20160609 (Ubuntu 5.4.0-6ubuntu1~16.04.10) ) #174-Ubuntu SMP Tue May 7 12:20:14 UTC 2019 (Ubuntu 4.4.0-148.174-generic 4.4.177)
[    0.000000] Command line: BOOT_IMAGE=/boot/vmlinuz-4.4.0-148-generic root=LABEL=cloudimg-rootfs ro console=tty1 console=ttyS0
[    0.000000] KERNEL supported cpus:
[    0.000000]   Intel GenuineIntel
[    0.000000]   AMD AuthenticAMD
[    0.000000]   Centaur CentaurHauls
[    0.000000] x86/fpu: xstate_offset[2]:  576, xstate_sizes[2]:  256
[    0.000000] x86/fpu: Supporting XSAVE feature 0x01: 'x87 floating point registers'
[    0.000000] x86/fpu: Supporting XSAVE feature 0x02: 'SSE registers'
[    0.000000] x86/fpu: Supporting XSAVE feature 0x04: 'AVX registers'
[    0.000000] x86/fpu: Enabled xstate features 0x7, context size is 832 bytes, using 'standard' format.
[    0.000000] e820: BIOS-provided physical RAM map:
[    0.000000] BIOS-e820: [mem 0x0000000000000000-0x000000000009fbff] usable
[    0.000000] BIOS-e820: [mem 0x000000000009fc00-0x000000000009ffff] reserved
[    0.000000] BIOS-e820: [mem 0x00000000000f0000-0x00000000000fffff] reserved
[    0.000000] BIOS-e820: [mem 0x0000000000100000-0x000000007ffeffff] usable
[    0.000000] BIOS-e820: [mem 0x000000007fff0000-0x000000007fffffff] ACPI data
[    0.000000] BIOS-e820: [mem 0x00000000fec00000-0x00000000fec00fff] reserved
[    0.000000] BIOS-e820: [mem 0x00000000fee00000-0x00000000fee00fff] reserved
[    0.000000] BIOS-e820: [mem 0x00000000fffc0000-0x00000000ffffffff] reserved
[    0.000000] NX (Execute Disable) protection: active
[    0.000000] SMBIOS 2.5 present.
[    0.000000] Hypervisor detected: KVM
[    0.000000] e820: last_pfn = 0x7fff0 max_arch_pfn = 0x400000000
[    0.000000] MTRR: Disabled
[    0.000000] x86/PAT: MTRRs disabled, skipping PAT initialization too.
[    0.000000] CPU MTRRs all blank - virtualized system.
[    0.000000] x86/PAT: Configuration [0-7]: WB  WT  UC- UC  WB  WT  UC- UC  
[    0.000000] found SMP MP-table at [mem 0x0009fff0-0x0009ffff] mapped at [ffff88000009fff0]
[    0.000000] Scanning 1 areas for low memory corruption
[    0.000000] RAMDISK: [mem 0x362fa000-0x37174fff]
[    0.000000] ACPI: Early table checksum verification disabled
[    0.000000] ACPI: RSDP 0x00000000000E0000 000024 (v02 VBOX  )
[    0.000000] ACPI: XSDT 0x000000007FFF0030 00003C (v01 VBOX   VBOXXSDT 00000001 ASL  00000061)
[    0.000000] ACPI: FACP 0x000000007FFF00F0 0000F4 (v04 VBOX   VBOXFACP 00000001 ASL  00000061)
[    0.000000] ACPI: DSDT 0x000000007FFF0470 0022EA (v02 VBOX   VBOXBIOS 00000002 INTL 20100528)
[    0.000000] ACPI: FACS 0x000000007FFF0200 000040
[    0.000000] ACPI: FACS 0x000000007FFF0200 000040
[    0.000000] ACPI: APIC 0x000000007FFF0240 00005C (v02 VBOX   VBOXAPIC 00000001 ASL  00000061)
[    0.000000] ACPI: SSDT 0x000000007FFF02A0 0001CC (v01 VBOX   VBOXCPUT 00000002 INTL 20100528)
[    0.000000] No NUMA configuration found
[    0.000000] Faking a node at [mem 0x0000000000000000-0x000000007ffeffff]
[    0.000000] NODE_DATA(0) allocated [mem 0x7ffeb000-0x7ffeffff]
[    0.000000] kvm-clock: Using msrs 4b564d01 and 4b564d00
[    0.000000] kvm-clock: cpu 0, msr 0:7ffe3001, primary cpu clock
[    0.000000] kvm-clock: using sched offset of 5851040359 cycles
[    0.000000] clocksource: kvm-clock: mask: 0xffffffffffffffff max_cycles: 0x1cd42e4dffb, max_idle_ns: 881590591483 ns
[    0.000000] Zone ranges:
[    0.000000]   DMA      [mem 0x0000000000001000-0x0000000000ffffff]
[    0.000000]   DMA32    [mem 0x0000000001000000-0x000000007ffeffff]
[    0.000000]   Normal   empty
[    0.000000]   Device   empty
[    0.000000] Movable zone start for each node
[    0.000000] Early memory node ranges
[    0.000000]   node   0: [mem 0x0000000000001000-0x000000000009efff]
[    0.000000]   node   0: [mem 0x0000000000100000-0x000000007ffeffff]
[    0.000000] Initmem setup node 0 [mem 0x0000000000001000-0x000000007ffeffff]
[    0.000000] ACPI: PM-Timer IO Port: 0x4008
[    0.000000] IOAPIC[0]: apic_id 2, version 32, address 0xfec00000, GSI 0-23
[    0.000000] ACPI: INT_SRC_OVR (bus 0 bus_irq 0 global_irq 2 dfl dfl)
[    0.000000] ACPI: INT_SRC_OVR (bus 0 bus_irq 9 global_irq 9 low level)
[    0.000000] Using ACPI (MADT) for SMP configuration information
[    0.000000] smpboot: Allowing 2 CPUs, 0 hotplug CPUs
[    0.000000] PM: Registered nosave memory: [mem 0x00000000-0x00000fff]
[    0.000000] PM: Registered nosave memory: [mem 0x0009f000-0x0009ffff]
[    0.000000] PM: Registered nosave memory: [mem 0x000a0000-0x000effff]
[    0.000000] PM: Registered nosave memory: [mem 0x000f0000-0x000fffff]
[    0.000000] e820: [mem 0x80000000-0xfebfffff] available for PCI devices
[    0.000000] Booting paravirtualized kernel on KVM
[    0.000000] clocksource: refined-jiffies: mask: 0xffffffff max_cycles: 0xffffffff, max_idle_ns: 7645519600211568 ns
[    0.000000] setup_percpu: NR_CPUS:512 nr_cpumask_bits:512 nr_cpu_ids:2 nr_node_ids:1
[    0.000000] PERCPU: Embedded 34 pages/cpu @ffff88007fc00000 s99480 r8192 d31592 u1048576
[    0.000000] Built 1 zonelists in Node order, mobility grouping on.  Total pages: 515960
[    0.000000] Policy zone: DMA32
[    0.000000] Kernel command line: BOOT_IMAGE=/boot/vmlinuz-4.4.0-148-generic root=LABEL=cloudimg-rootfs ro console=tty1 console=ttyS0
[    0.000000] PID hash table entries: 4096 (order: 3, 32768 bytes)
[    0.000000] Memory: 2029924K/2096696K available (8609K kernel code, 1334K rwdata, 4028K rodata, 1484K init, 1284K bss, 66772K reserved, 0K cma-reserved)
[    0.000000] SLUB: HWalign=64, Order=0-3, MinObjects=0, CPUs=2, Nodes=1
[    0.000000] Kernel/User page tables isolation: enabled
[    0.000000] Hierarchical RCU implementation.
[    0.000000] 	Build-time adjustment of leaf fanout to 64.
[    0.000000] 	RCU restricting CPUs from NR_CPUS=512 to nr_cpu_ids=2.
[    0.000000] RCU: Adjusting geometry for rcu_fanout_leaf=64, nr_cpu_ids=2
[    0.000000] NR_IRQS:33024 nr_irqs:440 16
[    0.000000] Console: colour VGA+ 80x25
[    0.000000] console [tty1] enabled
[    0.000000] console [ttyS0] enabled
[    0.000000] tsc: Detected 2394.458 MHz processor
[    0.535639] Calibrating delay loop (skipped) preset value.. 4788.91 BogoMIPS (lpj=9577832)
[    0.540352] pid_max: default: 32768 minimum: 301
[    0.543908] ACPI: Core revision 20150930
[    0.553081] ACPI: 2 ACPI AML tables successfully acquired and loaded
[    0.557326] Security Framework initialized
[    0.559775] Yama: becoming mindful.
[    0.562114] AppArmor: AppArmor initialized
[    0.570281] Dentry cache hash table entries: 262144 (order: 9, 2097152 bytes)
[    0.577171] Inode-cache hash table entries: 131072 (order: 8, 1048576 bytes)
[    0.587356] Mount-cache hash table entries: 4096 (order: 3, 32768 bytes)
[    0.592101] Mountpoint-cache hash table entries: 4096 (order: 3, 32768 bytes)
[    0.597204] Initializing cgroup subsys io
[    0.600734] Initializing cgroup subsys memory
[    0.604421] Initializing cgroup subsys devices
[    0.606949] Initializing cgroup subsys freezer
[    0.609303] Initializing cgroup subsys net_cls
[    0.611758] Initializing cgroup subsys perf_event
[    0.615265] Initializing cgroup subsys net_prio
[    0.617736] Initializing cgroup subsys hugetlb
[    0.620102] Initializing cgroup subsys pids
[    0.623696] mce: CPU supports 0 MCE banks
[    0.625996] Last level iTLB entries: 4KB 1024, 2MB 1024, 4MB 1024
[    0.628980] Last level dTLB entries: 4KB 1024, 2MB 1024, 4MB 1024, 1GB 4
[    0.632575] Spectre V2 : Mitigation: Full generic retpoline
[    0.635589] Spectre V2 : Spectre v2 / SpectreRSB mitigation: Filling RSB on context switch
[    0.640634] Speculative Store Bypass: Vulnerable
[    0.643376] MDS: Vulnerable: Clear CPU buffers attempted, no microcode
[    0.655016] Freeing SMP alternatives memory: 36K
[    0.677935] ftrace: allocating 32293 entries in 127 pages
[    0.834769] smpboot: APIC(0) Converting physical 0 to logical package 0
[    0.838131] smpboot: Max logical packages: 1
[    0.842866] x2apic enabled
[    0.845537] Switched APIC routing to physical x2apic.
[    0.852130] ..TIMER: vector=0x30 apic1=0 pin1=2 apic2=-1 pin2=-1
[    0.961882] smpboot: CPU0: Intel(R) Core(TM) i5-4210U CPU @ 1.70GHz (family: 0x6, model: 0x45, stepping: 0x1)
[    0.967425] Performance Events: unsupported p6 CPU model 69 no PMU driver, software events only.
[    0.995653] KVM setup paravirtual spinlock
[    1.004392] x86: Booting SMP configuration:
[    1.006664] .... node  #0, CPUs:      #1
[    1.008646] kvm-clock: cpu 1, msr 0:7ffe3041, secondary cpu clock
[    1.012035] mce: CPU supports 0 MCE banks
[    1.015348] x86: Booted up 1 node, 2 CPUs
[    1.018400] smpboot: Total of 2 processors activated (9577.83 BogoMIPS)
[    1.022596] devtmpfs: initialized
[    1.040675] evm: security.selinux
[    1.043117] evm: security.SMACK64
[    1.044731] evm: security.SMACK64EXEC
[    1.047082] evm: security.SMACK64TRANSMUTE
[    1.049788] evm: security.SMACK64MMAP
[    1.052533] evm: security.ima
[    1.055227] evm: security.capability
[    1.058169] clocksource: jiffies: mask: 0xffffffff max_cycles: 0xffffffff, max_idle_ns: 7645041785100000 ns
[    1.063776] futex hash table entries: 512 (order: 3, 32768 bytes)
[    1.066999] pinctrl core: initialized pinctrl subsystem
[    1.070332] RTC time: 12:38:48, date: 06/22/19
[    1.073407] NET: Registered protocol family 16
[    1.087287] cpuidle: using governor ladder
[    1.099023] cpuidle: using governor menu
[    1.101330] PCCT header not found.
[    1.103533] ACPI: bus type PCI registered
[    1.106011] acpiphp: ACPI Hot Plug PCI Controller Driver version: 0.5
[    1.109499] PCI: Using configuration type 1 for base access
[    1.129086] ACPI: Added _OSI(Module Device)
[    1.131808] ACPI: Added _OSI(Processor Device)
[    1.134207] ACPI: Added _OSI(3.0 _SCP Extensions)
[    1.136597] ACPI: Added _OSI(Processor Aggregator Device)
[    1.142110] ACPI: Executed 1 blocks of module-level executable AML code
[    1.153998] ACPI: Interpreter enabled
[    1.156767] ACPI: (supports S0 S5)
[    1.187328] ACPI: Using IOAPIC for interrupt routing
[    1.190676] PCI: Using host bridge windows from ACPI; if necessary, use "pci=nocrs" and report a bug
[    1.209179] ACPI: PCI Root Bridge [PCI0] (domain 0000 [bus 00-ff])
[    1.212377] acpi PNP0A03:00: _OSC: OS supports [ASPM ClockPM Segments MSI]
[    1.216811] acpi PNP0A03:00: _OSC: not requesting OS control; OS requires [ExtendedConfig ASPM ClockPM MSI]
[    1.222286] acpi PNP0A03:00: fail to add MMCONFIG information, can't access extended PCI configuration space under this bridge.
[    1.231036] PCI host bridge to bus 0000:00
[    1.233445] pci_bus 0000:00: root bus resource [io  0x0000-0x0cf7 window]
[    1.236838] pci_bus 0000:00: root bus resource [io  0x0d00-0xffff window]
[    1.240149] pci_bus 0000:00: root bus resource [mem 0x000a0000-0x000bffff window]
[    1.245004] pci_bus 0000:00: root bus resource [mem 0x80000000-0xfdffffff window]
[    1.249400] pci_bus 0000:00: root bus resource [bus 00-ff]
[    1.256665] pci 0000:00:01.1: legacy IDE quirk: reg 0x10: [io  0x01f0-0x01f7]
[    1.260359] pci 0000:00:01.1: legacy IDE quirk: reg 0x14: [io  0x03f6]
[    1.264430] pci 0000:00:01.1: legacy IDE quirk: reg 0x18: [io  0x0170-0x0177]
[    1.268234] pci 0000:00:01.1: legacy IDE quirk: reg 0x1c: [io  0x0376]
[    1.345958] pci 0000:00:07.0: quirk: [io  0x4000-0x403f] claimed by PIIX4 ACPI
[    1.417356] pci 0000:00:07.0: quirk: [io  0x4100-0x410f] claimed by PIIX4 SMB
[    1.469624] ACPI: PCI Interrupt Link [LNKA] (IRQs 5 9 10 *11)
[    1.476078] ACPI: PCI Interrupt Link [LNKB] (IRQs 5 9 *10 11)
[    1.483030] ACPI: PCI Interrupt Link [LNKC] (IRQs 5 *9 10 11)
[    1.497095] ACPI: PCI Interrupt Link [LNKD] (IRQs 5 9 10 *11)
[    1.506474] ACPI: Enabled 2 GPEs in block 00 to 07
[    1.513151] vgaarb: setting as boot device: PCI:0000:00:02.0
[    1.517514] vgaarb: device added: PCI:0000:00:02.0,decodes=io+mem,owns=io+mem,locks=none
[    1.523430] vgaarb: loaded
[    1.526151] vgaarb: bridge control possible 0000:00:02.0
[    1.530865] SCSI subsystem initialized
[    1.541532] ACPI: bus type USB registered
[    1.546181] usbcore: registered new interface driver usbfs
[    1.549891] usbcore: registered new interface driver hub
[    1.554235] usbcore: registered new device driver usb
[    1.558469] PCI: Using ACPI for IRQ routing
[    1.562553] NetLabel: Initializing
[    1.565389] NetLabel:  domain hash size = 128
[    1.568421] NetLabel:  protocols = UNLABELED CIPSOv4
[    1.571925] NetLabel:  unlabeled traffic allowed by default
[    1.580648] amd_nb: Cannot enumerate AMD northbridges
[    1.585135] clocksource: Switched to clocksource kvm-clock
[    1.631097] AppArmor: AppArmor Filesystem Enabled
[    1.635255] pnp: PnP ACPI init
[    1.640779] pnp: PnP ACPI: found 3 devices
[    1.674001] clocksource: acpi_pm: mask: 0xffffff max_cycles: 0xffffff, max_idle_ns: 2085701024 ns
[    1.680542] NET: Registered protocol family 2
[    1.684481] TCP established hash table entries: 16384 (order: 5, 131072 bytes)
[    1.695339] TCP bind hash table entries: 16384 (order: 6, 262144 bytes)
[    1.704382] TCP: Hash tables configured (established 16384 bind 16384)
[    1.708732] UDP hash table entries: 1024 (order: 3, 32768 bytes)
[    1.714121] UDP-Lite hash table entries: 1024 (order: 3, 32768 bytes)
[    1.719151] NET: Registered protocol family 1
[    1.723863] pci 0000:00:00.0: Limiting direct PCI/PCI transfers
[    1.729244] pci 0000:00:01.0: Activating ISA DMA hang workarounds
[    1.735340] Unpacking initramfs...
[    2.529534] Freeing initrd memory: 14828K
[    2.532824] RAPL PMU detected, API unit is 2^-32 Joules, 4 fixed counters 10737418240 ms ovfl timer
[    2.538021] hw unit of domain pp0-core 2^-0 Joules
[    2.540774] hw unit of domain package 2^-0 Joules
[    2.544115] hw unit of domain dram 2^-0 Joules
[    2.546867] hw unit of domain pp1-gpu 2^-0 Joules
[    2.549479] clocksource: tsc: mask: 0xffffffffffffffff max_cycles: 0x2283c44026a, max_idle_ns: 440795260713 ns
[    2.554962] platform rtc_cmos: registered platform RTC device (no PNP device found)
[    2.562514] Scanning for low memory corruption every 60 seconds
[    2.566528] audit: initializing netlink subsys (disabled)
[    2.570756] audit: type=2000 audit(1561207137.420:1): initialized
[    2.576179] Initialise system trusted keyring
[    2.580514] HugeTLB registered 2 MB page size, pre-allocated 0 pages
[    2.591653] zbud: loaded
[    2.595259] VFS: Disk quotas dquot_6.6.0
[    2.598076] VFS: Dquot-cache hash table entries: 512 (order 0, 4096 bytes)
[    2.604762] squashfs: version 4.0 (2009/01/31) Phillip Lougher
[    2.608840] fuse init (API version 7.23)
[    2.611715] Key type big_key registered
[    2.614368] Allocating IMA MOK and blacklist keyrings.
[    2.619143] Key type asymmetric registered
[    2.621461] Asymmetric key parser 'x509' registered
[    2.624286] Block layer SCSI generic (bsg) driver version 0.4 loaded (major 249)
[    2.628807] io scheduler noop registered
[    2.631314] io scheduler deadline registered (default)
[    2.634611] io scheduler cfq registered
[    2.637044] pci_hotplug: PCI Hot Plug PCI Core version: 0.5
[    2.640180] pciehp: PCI Express Hot Plug Controller Driver version: 0.4
[    2.643996] ACPI: AC Adapter [AC] (on-line)
[    2.646917] input: Power Button as /devices/LNXSYSTM:00/LNXPWRBN:00/input/input0
[    2.651450] ACPI: Power Button [PWRF]
[    2.653772] input: Sleep Button as /devices/LNXSYSTM:00/LNXSLPBN:00/input/input1
[    2.658178] ACPI: Sleep Button [SLPF]
[    2.661632] GHES: HEST is not enabled!
[    2.664064] ACPI: Battery Slot [BAT0] (battery present)
[    2.668767] Serial: 8250/16550 driver, 32 ports, IRQ sharing enabled
[    2.694666] 00:02: ttyS0 at I/O 0x3f8 (irq = 4, base_baud = 115200) is a 16550A
[    2.706695] Linux agpgart interface v0.103
[    2.719609] loop: module loaded
[    2.723160] scsi host0: ata_piix
[    2.725473] scsi host1: ata_piix
[    2.727666] ata1: PATA max UDMA/33 cmd 0x1f0 ctl 0x3f6 bmdma 0xd000 irq 14
[    2.730898] ata2: PATA max UDMA/33 cmd 0x170 ctl 0x376 bmdma 0xd008 irq 15
[    2.734926] libphy: Fixed MDIO Bus: probed
[    2.737753] tun: Universal TUN/TAP device driver, 1.6
[    2.740481] tun: (C) 1999-2004 Max Krasnyansky <maxk@qualcomm.com>
[    2.743937] PPP generic driver version 2.4.2
[    2.746504] ehci_hcd: USB 2.0 'Enhanced' Host Controller (EHCI) Driver
[    2.750644] ehci-pci: EHCI PCI platform driver
[    2.753125] ehci-platform: EHCI generic platform driver
[    2.755911] ohci_hcd: USB 1.1 'Open' Host Controller (OHCI) Driver
[    2.759029] ohci-pci: OHCI PCI platform driver
[    2.762254] ohci-platform: OHCI generic platform driver
[    2.765160] uhci_hcd: USB Universal Host Controller Interface driver
[    2.768624] i8042: PNP: PS/2 Controller [PNP0303:PS2K,PNP0f03:PS2M] at 0x60,0x64 irq 1,12
[    2.774721] serio: i8042 KBD port at 0x60,0x64 irq 1
[    2.777315] serio: i8042 AUX port at 0x60,0x64 irq 12
[    2.780303] mousedev: PS/2 mouse device common for all mice
[    2.784277] input: AT Translated Set 2 keyboard as /devices/platform/i8042/serio0/input/input2
[    2.790048] rtc_cmos rtc_cmos: rtc core: registered rtc_cmos as rtc0
[    2.793354] rtc_cmos rtc_cmos: alarms up to one day, 114 bytes nvram
[    2.796469] i2c /dev entries driver
[    2.798774] device-mapper: uevent: version 1.0.3
[    2.801883] device-mapper: ioctl: 4.34.0-ioctl (2015-10-28) initialised: dm-devel@redhat.com
[    2.806830] ledtrig-cpu: registered to indicate activity on CPUs
[    2.810801] NET: Registered protocol family 10
[    2.814223] NET: Registered protocol family 17
[    2.823321] Key type dns_resolver registered
[    2.827060] registered taskstats version 1
[    2.830480] Loading compiled-in X.509 certificates
[    2.834443] Loaded X.509 cert 'Build time autogenerated kernel key: 5103689f9da3e841c6100f8bb032b132cf76e38d'
[    2.840622] zswap: loaded using pool lzo/zbud
[    2.846974] Key type trusted registered
[    2.856947] Key type encrypted registered
[    2.859656] AppArmor: AppArmor sha1 policy hashing enabled
[    2.862867] ima: No TPM chip found, activating TPM-bypass!
[    2.865627] ima: Allocated hash algorithm: sha1
[    2.868115] evm: HMAC attrs: 0x1
[    2.870932]   Magic number: 7:506:633
[    2.873477] rtc_cmos rtc_cmos: setting system clock to 2019-06-22 12:38:50 UTC (1561207130)
[    2.878224] BIOS EDD facility v0.16 2004-Jun-25, 0 devices found
[    2.881761] EDD information not available.
[    2.894449] Freeing unused kernel memory: 1484K
[    2.896891] Write protecting the kernel read-only data: 14336k
[    2.901302] Freeing unused kernel memory: 1620K
[    2.904352] Freeing unused kernel memory: 68K
Loading, please wait...
starting version 229
[    2.934717] random: systemd-udevd: uninitialized urandom read (16 bytes read, 3 bits of entropy available)
[    2.936499] random: udevadm: uninitialized urandom read (16 bytes read, 3 bits of entropy available)
[    2.936550] random: udevadm: uninitialized urandom read (16 bytes read, 3 bits of entropy available)
[    2.961721] random: systemd-udevd: uninitialized urandom read (16 bytes read, 3 bits of entropy available)
[    2.968692] random: systemd-udevd: uninitialized urandom read (16 bytes read, 3 bits of entropy available)
[    2.969671] random: udevadm: uninitialized urandom read (16 bytes read, 3 bits of entropy available)
[    2.969799] random: udevadm: uninitialized urandom read (16 bytes read, 3 bits of entropy available)
[    2.970289] random: udevadm: uninitialized urandom read (16 bytes read, 3 bits of entropy available)
[    2.970450] random: udevadm: uninitialized urandom read (16 bytes read, 3 bits of entropy available)
[    2.970613] random: udevadm: uninitialized urandom read (16 bytes read, 3 bits of entropy available)
[    3.107340] e1000: Intel(R) PRO/1000 Network Driver - version 7.3.21-k8-NAPI
[    3.113441] e1000: Copyright (c) 1999-2006 Intel Corporation.
[    3.128090] Fusion MPT base driver 3.04.20
[    3.132001] Copyright (c) 1999-2008 LSI Corporation
[    3.159777] Fusion MPT SPI Host driver 3.04.20
[    3.206092] AVX2 version of gcm_enc/dec engaged.
[    3.209096] AES CTR mode by8 optimization enabled
[    3.348786] input: ImExPS/2 Generic Explorer Mouse as /devices/platform/i8042/serio1/input/input4
[    3.706256] e1000 0000:00:03.0 eth0: (PCI:33MHz:32-bit) 02:4c:fa:56:e0:e2
[    3.709587] e1000 0000:00:03.0 eth0: Intel(R) PRO/1000 Network Connection
[    3.715308] mptbase: ioc0: Initiating bringup
[    3.781945] ioc0: LSI53C1030 A0: Capabilities={Initiator}
[    3.956302] scsi host2: ioc0: LSI53C1030 A0, FwRev=00000000h, Ports=1, MaxQ=256, IRQ=20
[    4.083098] scsi 2:0:0:0: Direct-Access     VBOX     HARDDISK         1.0  PQ: 0 ANSI: 5
[    4.104011] scsi target2:0:0: Beginning Domain Validation
[    4.116718] scsi target2:0:0: Domain Validation skipping write tests
[    4.132572] scsi target2:0:0: Ending Domain Validation
[    4.137966] scsi target2:0:0: asynchronous
[    4.149446] scsi 2:0:1:0: Direct-Access     VBOX     HARDDISK         1.0  PQ: 0 ANSI: 5
[    4.205745] scsi target2:0:1: Beginning Domain Validation
[    4.211733] scsi target2:0:1: Domain Validation skipping write tests
[    4.215347] scsi target2:0:1: Ending Domain Validation
[    4.218187] scsi target2:0:1: asynchronous
[    4.235786] sd 2:0:0:0: Attached scsi generic sg0 type 0
[    4.242316] sd 2:0:1:0: Attached scsi generic sg1 type 0
[    4.248201] sd 2:0:0:0: [sda] 20971520 512-byte logical blocks: (10.7 GB/10.0 GiB)
[    4.254519] sd 2:0:1:0: [sdb] 20480 512-byte logical blocks: (10.5 MB/10.0 MiB)
[    4.262411] sd 2:0:0:0: [sda] Write Protect is off
[    4.265836] sd 2:0:1:0: [sdb] Write Protect is off
[    4.269539] sd 2:0:0:0: [sda] Incomplete mode parameter data
[    4.273642] sd 2:0:0:0: [sda] Assuming drive cache: write through
[    4.278050] sd 2:0:1:0: [sdb] Incomplete mode parameter data
[    4.281887] sd 2:0:1:0: [sdb] Assuming drive cache: write through
[    4.302464]  sda: sda1
[    4.306541] sd 2:0:0:0: [sda] Attached SCSI disk
[    4.330354] sd 2:0:1:0: [sdb] Attached SCSI disk
[    4.643572] e1000 0000:00:08.0 eth1: (PCI:33MHz:32-bit) 08:00:27:e8:57:df
[    4.647078] e1000 0000:00:08.0 eth1: Intel(R) PRO/1000 Network Connection
[    4.652934] e1000 0000:00:08.0 enp0s8: renamed from eth1
[    4.665965] e1000 0000:00:03.0 enp0s3: renamed from eth0
Begin: Loading essential drivers ... [    7.045083] md: linear personality registered for level -1
[    7.053659] md: multipath personality registered for level -4
[    7.065094] md: raid0 personality registered for level 0
[    7.076312] md: raid1 personality registered for level 1
[    7.154071] raid6: sse2x1   gen()  1648 MB/s
[    7.221177] raid6: sse2x1   xor()   984 MB/s
[    7.289186] raid6: sse2x2   gen()  2108 MB/s
[    7.361168] raid6: sse2x2   xor()  2139 MB/s
[    7.429428] raid6: sse2x4   gen()  4582 MB/s
[    7.498612] raid6: sse2x4   xor()  2880 MB/s
[    7.569473] raid6: avx2x1   gen()  3867 MB/s
[    7.637402] raid6: avx2x2   gen()  6611 MB/s
[    7.705294] raid6: avx2x4   gen()  8981 MB/s
[    7.707900] raid6: using algorithm avx2x4 gen() 8981 MB/s
[    7.710548] raid6: using avx2x2 recovery algorithm
[    7.715540] xor: automatically using best checksumming function:
[    7.757479]    avx       : 12767.000 MB/sec
[    7.764172] async_tx: api initialized (async)
[    7.794055] md: raid6 personality registered for level 6
[    7.797199] md: raid5 personality registered for level 5
[    7.800099] md: raid4 personality registered for level 4
[    7.819321] md: raid10 personality registered for level 10
done.
Begin: Running /scripts/init-premount ... done.
Begin: Mounting root file system ... Begin: Running /scripts/local-top ... done.
Begin: Running /scripts/local-premount ... [    7.922225] Btrfs loaded
Scanning for Btrfs filesystems
done.
Warning: fsck not present, so skipping root file system
[    8.069464] EXT4-fs (sda1): mounted filesystem with ordered data mode. Opts: (null)
done.
Begin: Running /scripts/local-bottom ... done.
Begin: Running /scripts/init-bottom ... done.
[    8.875798] random: nonblocking pool is initialized
[    8.966660] systemd[1]: systemd 229 running in system mode. (+PAM +AUDIT +SELINUX +IMA +APPARMOR +SMACK +SYSVINIT +UTMP +LIBCRYPTSETUP +GCRYPT +GNUTLS +ACL +XZ -LZ4 +SECCOMP +BLKID +ELFUTILS +KMOD -IDN)
[    8.977431] systemd[1]: Detected virtualization oracle.
[    8.980455] systemd[1]: Detected architecture x86-64.

Welcome to [1mUbuntu 16.04.6 LTS[0m!

[    9.057637] systemd[1]: Set hostname to <ubuntu>.
[    9.080525] systemd[1]: Initializing machine ID from random generator.
[    9.084579] systemd[1]: Installed transient /etc/machine-id file.
[   10.796298] systemd[1]: Started Trigger resolvconf update for networkd DNS.
[[0;32m  OK  [0m] Started Trigger resolvconf update for networkd DNS.
[   10.802693] systemd[1]: Listening on Syslog Socket.
[[0;32m  OK  [0m] Listening on Syslog Socket.
[   10.808632] systemd[1]: Listening on udev Control Socket.
[[0;32m  OK  [0m] Listening on udev Control Socket.
[   10.813558] systemd[1]: Set up automount Arbitrary Executable File Formats File System Automount Point.
[[0;32m  OK  [0m] Set up automount Arbitrary Executab...ats File System Automount Point.
[   10.826550] systemd[1]: Listening on Device-mapper event daemon FIFOs.
[[0;32m  OK  [0m] Listening on Device-mapper event daemon FIFOs.
[   10.846928] systemd[1]: Created slice System Slice.
[[0;32m  OK  [0m] Created slice System Slice.
[   10.852581] systemd[1]: Created slice system-serial\x2dgetty.slice.
[[0;32m  OK  [0m] Created slice system-serial\x2dgetty.slice.
[   10.858837] systemd[1]: Listening on /dev/initctl Compatibility Named Pipe.
[[0;32m  OK  [0m] Listening on /dev/initctl Compatibility Named Pipe.
[   10.874273] systemd[1]: Started Forward Password Requests to Wall Directory Watch.
[[0;32m  OK  [0m] Started Forward Password Requests to Wall Directory Watch.
[   10.887451] systemd[1]: Reached target Encrypted Volumes.
[[0;32m  OK  [0m] Reached target Encrypted Volumes.
[   10.902348] systemd[1]: Reached target System Time Synchronized.
[[0;32m  OK  [0m] Reached target System Time Synchronized.
[   10.907618] systemd[1]: Listening on LVM2 poll daemon socket.
[[0;32m  OK  [0m] Listening on LVM2 poll daemon socket.
[   10.913630] systemd[1]: Created slice User and Session Slice.
[[0;32m  OK  [0m] Created slice User and Session Slice.
[   10.918558] systemd[1]: Reached target Slices.
[[0;32m  OK  [0m] Reached target Slices.
[   10.923343] systemd[1]: Listening on udev Kernel Socket.
[[0;32m  OK  [0m] Listening on udev Kernel Socket.
[   10.928814] systemd[1]: Listening on LVM2 metadata daemon socket.
[[0;32m  OK  [0m] Listening on LVM2 metadata daemon socket.
[   10.934619] systemd[1]: Listening on Journal Socket (/dev/log).
[[0;32m  OK  [0m] Listening on Journal Socket (/dev/log).
[   10.940671] systemd[1]: Listening on Journal Socket.
[[0;32m  OK  [0m] Listening on Journal Socket.
[   10.962084] systemd[1]: Mounting Debug File System...
         Mounting Debug File System...
[   11.053626] systemd[1]: Starting Load Kernel Modules...
         Starting Load Kernel Modules...
[   11.061887] systemd[1]: Starting Remount Root and Kernel File Systems...
         Starting Remount Root and Kernel File Systems...
[   11.070078] systemd[1]: Mounting Huge Pages File System...
         Mounting Huge Pages File System...
[   11.078083] systemd[1]: Starting Create list of required static device nodes for the current kernel...
         Starting Create list of required st... nodes for the current kernel...
[   11.089358] systemd[1]: Starting Monitoring of LVM2 mirrors, snapshots etc. using dmeventd or progress polling...
         Starting Monitoring of LVM2 mirrors... dmeventd or progress polling...
[   11.102089] systemd[1]: Starting Nameserver information manager...
         Starting Nameserver information manager...
[   11.110351] systemd[1]: Starting Uncomplicated firewall...
         Starting Uncomplicated firewall...
[   11.118742] systemd[1]: Mounting POSIX Message Queue File System...
         Mounting POSIX Message Queue File System...
[   11.134172] EXT4-fs (sda1): re-mounted. Opts: (null)
[   11.139984] systemd[1]: Starting Set console keymap...
         Starting Set console keymap...
[   11.147675] systemd[1]: Listening on Journal Audit Socket.
[[0;32m  OK  [0m] Listening on Journal Audit Socket.
[   11.163465] systemd[1]: Starting Journal Service...
         Starting Journal Service...
[   11.323940] systemd[1]: Reached target Swap.
[[0;32m  OK  [0m] Reached target Swap.
[   11.328875] systemd[1]: Reached target User and Group Name Lookups.
[[0;32m  OK  [0m] Reached target User and Group Name Lookups.
[   11.355991] systemd[1]: Mounted POSIX Message Queue File System.
[[0;32m  OK  [0m] Mounted POSIX Message Queue File System.
[   11.363052] systemd[1]: Mounted Huge Pages File System.
[[0;32m  OK  [0m] Mounted Huge Pages File System.
[   11.368013] systemd[1]: Mounted Debug File System.
[[0;32m  OK  [0m] Mounted Debug File System.
[   11.373943] systemd[1]: Started Remount Root and Kernel File Systems.
[[0;32m  OK  [0m] Started Remount Root and Kernel File Systems.
[   11.387180] systemd[1]: Started Create list of required static device nodes for the current kernel.
[   11.393670] Loading iSCSI transport class v2.0-870.
[[0;32m  OK  [0m] Started Create list of required sta...ce nodes for the current kernel.
[   11.424794] systemd[1]: Started Uncomplicated firewall.
[[0;32m  OK  [0m] Started Uncomplicated firewall.
[   11.447895] systemd[1]: Started Nameserver information manager.
[[0;32m  OK  [0m] Started Nameserver information manager.
[   11.534124] iscsi: registered transport (tcp)
[   11.614098] systemd[1]: Starting Create Static Device Nodes in /dev...
         Starting Create Static Device Nodes in /dev...
[   11.753554] systemd[1]: Starting udev Coldplug all Devices...
         Starting udev Coldplug all Devices...
[   11.762815] systemd[1]: Starting Load/Save Random Seed...
         Starting Load/Save Random Seed...
[   11.878625] systemd[1]: Started Journal Service.
[[0;32m  OK  [0m] Started Journal Service.
         Starting Flush Journal to Persistent Storage...
[[0;32m  OK  [0m] Started Set console keymap.
[[0;32m  OK  [0m] Started LVM2 metadata daemon.
[[0;32m  OK  [0m] Started udev Coldplug all Devices.
[   12.044411] systemd-journald[394]: Received request to flush runtime journal from PID 1
[[0;32m  OK  [0m] Started Load/Save Random Seed.
[[0;32m  OK  [0m] Started Flush Journal to Persistent Storage.
[   12.330978] iscsi: registered transport (iser)
[[0;32m  OK  [0m] Started Load Kernel Modules.
         Starting Apply Kernel Variables...
         Mounting FUSE Control File System...
[[0;32m  OK  [0m] Mounted FUSE Control File System.
[[0;32m  OK  [0m] Started Monitoring of LVM2 mirrors,...ng dmeventd or progress polling.
[[0;32m  OK  [0m] Started Create Static Device Nodes in /dev.
[[0;32m  OK  [0m] Reached target Local File Systems (Pre).
[[0;32m  OK  [0m] Reached target Local File Systems.
         Starting Commit a transient machine-id on disk...
         Starting LSB: AppArmor initialization...
         Starting Initial cloud-init job (pre-networking)...
         Starting Set console font and keymap...
         Starting Tell Plymouth To Write Out Runtime Data...
         Starting Create Volatile Files and Directories...
         Starting udev Kernel Device Manager...
[[0;32m  OK  [0m] Started Apply Kernel Variables.
[[0;32m  OK  [0m] Started Commit a transient machine-id on disk.
[[0;32m  OK  [0m] Started Create Volatile Files and Directories.
         Starting Update UTMP about System Boot/Shutdown...
[[0;32m  OK  [0m] Started Tell Plymouth To Write Out Runtime Data.
[[0;32m  OK  [0m] Started Update UTMP about System Boot/Shutdown.
[[0;32m  OK  [0m] Started udev Kernel Device Manager.
[[0;32m  OK  [0m] Started Dispatch Password Requests to Console Directory Watch.
[[0;32m  OK  [0m] Started Set console font and keymap.
[[0;32m  OK  [0m] Created slice system-getty.slice.
[[0;32m  OK  [0m] Found device /dev/ttyS0.
[[0;32m  OK  [0m] Listening on Load/Save RF Kill Switch Status /dev/rfkill Watch.
[[0;32m  OK  [0m] Started LSB: AppArmor initialization.
[   21.581632] cloud-init[461]: Cloud-init v. 19.1-1-gbaa47854-0ubuntu1~16.04.1 running 'init-local' at Sat, 22 Jun 2019 12:39:08 +0000. Up 20.41 seconds.
[[0;32m  OK  [0m] Started Initial cloud-init job (pre-networking).
[[0;32m  OK  [0m] Reached target Network (Pre).
         Starting Raise network interfaces...
[[0;32m  OK  [0m] Started Raise network interfaces.
[[0;32m  OK  [0m] Reached target Network.
         Starting Initial cloud-init job (metadata service crawler)...
[   26.395737] cloud-init[963]: Cloud-init v. 19.1-1-gbaa47854-0ubuntu1~16.04.1 running 'init' at Sat, 22 Jun 2019 12:39:11 +0000. Up 23.43 seconds.
[   26.401410] cloud-init[963]: ci-info: ++++++++++++++++++++++++++++++++++++++Net device info+++++++++++++++++++++++++++++++++++++++
[   26.406807] cloud-init[963]: ci-info: +--------+-------+----------------------------+---------------+--------+-------------------+
[   26.412502] cloud-init[963]: ci-info: | Device |   Up  |          Address           |      Mask     | Scope  |     Hw-Address    |
[   26.418199] cloud-init[963]: ci-info: +--------+-------+----------------------------+---------------+--------+-------------------+
[   26.422055] cloud-init[963]: ci-info: | enp0s3 |  True |         10.0.2.15          | 255.255.255.0 | global | 02:4c:fa:56:e0:e2 |
[   26.427019] cloud-init[963]: ci-info: | enp0s3 |  True | fe80::4c:faff:fe56:e0e2/64 |       .       |  link  | 02:4c:fa:56:e0:e2 |
[   26.431970] cloud-init[963]: ci-info: | enp0s8 | False |             .              |       .       |   .    | 08:00:27:e8:57:df |
[   26.437789] cloud-init[963]: ci-info: |   lo   |  True |         127.0.0.1          |   255.0.0.0   |  host  |         .         |
[   26.448891] cloud-init[963]: ci-info: |   lo   |  True |          ::1/128           |       .       |  host  |         .         |
[   26.454570] cloud-init[963]: ci-info: +--------+-------+----------------------------+---------------+--------+-------------------+
[   26.459977] cloud-init[963]: ci-info: +++++++++++++++++++++++++++Route IPv4 info++++++++++++++++++++++++++++
[   26.467806] cloud-init[963]: ci-info: +-------+-------------+----------+---------------+-----------+-------+
[   26.472898] cloud-init[963]: ci-info: | Route | Destination | Gateway  |    Genmask    | Interface | Flags |
[   26.478074] cloud-init[963]: ci-info: +-------+-------------+----------+---------------+-----------+-------+
[   26.482432] cloud-init[963]: ci-info: |   0   |   0.0.0.0   | 10.0.2.2 |    0.0.0.0    |   enp0s3  |   UG  |
[   26.487061] cloud-init[963]: ci-info: |   1   |   10.0.2.0  | 0.0.0.0  | 255.255.255.0 |   enp0s3  |   U   |
[   26.492971] cloud-init[963]: ci-info: +-------+-------------+----------+---------------+-----------+-------+
[   26.509336] cloud-init[963]: ci-info: +++++++++++++++++++Route IPv6 info+++++++++++++++++++
[   26.522072] cloud-init[963]: ci-info: +-------+-------------+---------+-----------+-------+
[   26.526547] cloud-init[963]: ci-info: | Route | Destination | Gateway | Interface | Flags |
[   26.531000] cloud-init[963]: ci-info: +-------+-------------+---------+-----------+-------+
[   26.541137] cloud-init[963]: ci-info: |   0   |  fe80::/64  |    ::   |   enp0s3  |   U   |
[   26.541627] cloud-init[963]: ci-info: |   4   |   ff00::/8  |    ::   |   enp0s3  |   U   |
[[0;32m  OK  [0m] Started Initial cloud-init job (metadata service crawler).
[   26.546440] cloud-init[963]: ci-info: +-------+-------------+---------+-----------+-------+
[   26.554104] cloud-init[963]: Generating public/private rsa key pair.
[   26.556934] cloud-init[963]: Your identification has been saved in /etc/ssh/ssh_host_rsa_key.
[   26.560666] cloud-init[963]: Your public key has been saved in /etc/ssh/ssh_host_rsa_key.pub.
[   26.564215] cloud-init[963]: The key fingerprint is:
[   26.566786] cloud-init[963]: SHA256:9Kh7dD2vIfe5IPIjZPUZeFbOtIQ9INmG63fOl+P1ZGU root@ubuntu-xenial
[   26.570552] cloud-init[963]: The key's randomart image is:
[   26.571064] cloud-init[963]: +---[RSA 2048]----+
[   26.572580] cloud-init[963]: |          .+.+   |
[   26.573776] cloud-init[963]: |          o.+ *  |
[[0;32m  OK  [0m] Reached target Cloud-config availability.
[   26.574371] cloud-init[963]: |        .  + * o |
[   26.578724] cloud-init[963]: |       . o+ + +  |
[   26.578947] cloud-init[963]: |        So.= o  E|
[   26.579265] cloud-init[963]: |       .+ o * ...|
[[0;32m  OK  [0m] Reached target Network is Online.
[   26.579532] cloud-init[963]: |      .+..o.+*  =|
[   26.587621] cloud-init[963]: |       .oo.+ ++*+|
[   26.593891] cloud-init[963]: |      .. .....=+o|
[   26.601066] cloud-init[963]: +----[SHA256]-----+
[   26.601580] cloud-init[963]: Generating public/private dsa key pair.
         Starting iSCSI initiator daemon (iscsid)...
[   26.605659] cloud-init[963]: Your identification has been saved in /etc/ssh/ssh_host_dsa_key.
[   26.610832] cloud-init[963]: Your public key has been saved in /etc/ssh/ssh_host_dsa_key.pub.
[[0;32m  OK  [0m] Reached target System Initialization.
[[0;32m  OK  [0m] Listening on UUID daemon activation socket.
[[   26.611842] cloud-init[963]: The key fingerprint is:
[0;32m  OK  [0m] Listening on D-Bus System Message Bus Socket.
[[0;32m  OK  [0m] Started Daily apt download activities.
[   26.622279] cloud-init[963]: SHA256:1XkSVDn4hJoZQ4hdH4TsEMwe5Ptl+tQ+wAtH8S7CgHk root@ubuntu-xenial
[   26.633209] cloud-init[963]: The key's randomart image is:
[   26.634447] cloud-init[963]: +---[DSA 1024]----+
[   26.635538] cloud-init[963]: |       *o*o+=+.. |
[   26.639152] cloud-init[963]: |      ..B =o+++  |
[   26.640136] cloud-init[963]: |       +.+.*==.. |
[   26.640292] cloud-init[963]: |      o Eo= .oo  |
[   26.640435] cloud-init[963]: |       .So oo.   |
[   26.640675] cloud-init[963]: |         .++=..  |
[   26.641748] cloud-init[963]: |          o+.+.  |
[[0;32m  OK  [0m] Started Daily apt upgrade and clean activities.
         Starting Socket activation for snappy daemon.
[   26.642511] [[0;32m  OK  [0m] Listening on ACPID Listen Socket.
cloud-init[963]: |           o...  |
[   26.659404] cloud-init[963]: |            . .. |
[   26.662590] cloud-init[963]: +----[SHA256]-----+
[   26.665250] cloud-init[963]: Generating public/private ecdsa key pair.
[   26.669113] cloud-init[963]: Your identification has been saved in /etc/ssh/ssh_host_ecdsa_key.
[   26.674298] cloud-init[963]: Your public key has been saved in /etc/ssh/ssh_host_ecdsa_key.pub.
[   26.679249] cloud-init[963]: The key fingerprint is:
[   26.682828] cloud-init[963]: SHA256:45S48/mipLEHID392sgl+fAVpS7R+/UQhbOZSxiotFQ root@ubuntu-xenial
[   26.690070] cloud-init[963]: The key's randomart image is:
         Starting LXD - unix socket.
[   26.694964] cloud-init[963]: +---[ECDSA 256]---+
[   26.698061] cloud-init[963]: |       .E.   .   |
[   26.700888] cloud-init[963]: |      o . o o .  |
[   26.704523] cloud-init[963]: | . . o + o o *   |
[   26.707318] cloud-init[963]: |. + . +.+.. *    |
[   26.710091] cloud-init[963]: | . o o.oSo . o   |
[   26.712707] cloud-init[963]: |    = +++.  +    |
[   26.714754] cloud-init[963]: |   ..@+o.. . o   |
[   26.717780] cloud-init[963]: |    +==o...   .  |
[   26.724840] cloud-init[963]: |    o...oo.      |
[   26.727341] cloud-init[963]: +----[SHA256]-----+
[   26.729571] cloud-init[963]: Generating public/private ed25519 key pair.
[   26.733136] cloud-init[963]: Your identification has been saved in /etc/ssh/ssh_host_ed25519_key.
[   26.736883] cloud-init[963]: Your public key has been saved in /etc/ssh/ssh_host_ed25519_key.pub.
[   26.741767] cloud-init[963]: The key fingerprint is:
[   26.744606] cloud-init[963]: SHA256:uViSYqoNv4AwWcixFEdIGBm/RLCjAfiUyjV8uM6tug0 root@ubuntu-xenial
[   26.748652] cloud-init[963]: The key's randomart image is:[[0;32m  OK  [0m] Started ACPI Events Check.
[[0;32m  OK  [0m] Reached target Paths.

[[0;32m  OK  [0m] Started Daily Cleanup of Temporary Directories.
[   26.772294] [[0;32m  OK  [0m] Reached target Timers.
cloud-init[963]: +--[ED25519 256]--+
[   26.777574] cloud-init[963]: |OX*+.            |[[0;32m  OK  [0m] Listening on Socket activation for snappy daemon.
[[0;32m  OK  [0m] Listening on LXD - unix socket.

[   26.786295] cloud-init[963]: |B**= .           |
[   26.790415] cloud-init[963]: |**= +            |
[   26.796098] cloud-init[963]: |oB.o   . .       |
[   26.799379] cloud-init[963]: |= + + o S        |
[   26.801870] cloud-init[963]: |o. = o + .       |
[   26.804521] cloud-init[963]: |+E. . . .        |
[   26.807386] cloud-init[963]: | *o.             |
[   26.810573] cloud-init[963]: |.o*o             |
[   26.814065] cloud-init[963]: +----[SHA256]-----+
[[0;32m  OK  [0m] Reached target Sockets.
[[0;32m  OK  [0m] Reached target Basic System.
[[0;32m  OK  [0m] Started Deferred execution scheduler.
         Starting LXD - container startup/shutdown...
         Starting LSB: MD monitoring daemon...
[[0;32m  OK  [0m] Started ACPI event daemon.
         Starting LSB: Record successful boot for GRUB...
         Starting System Logging Service...
         Starting Pollinate to seed the pseudo random number generator...
         Starting Virtualbox guest utils...
         Starting Login Service...
         Starting Accounts Service...
[[0;32m  OK  [0m] Started FUSE filesystem for LXC.
[[0;32m  OK  [0m] Started D-Bus System Message Bus.
         Starting /etc/rc.local Compatibility...
[[0;32m  OK  [0m] Started Regular background program processing daemon.
         Starting Snappy daemon...
[[0;32m  OK  [0m] Started System Logging Service.
[[0;32m  OK  [0m] Started iSCSI initiator daemon (iscsid).
[[0;32m  OK  [0m] Started /etc/rc.local Compatibility.
         Starting Login to default iSCSI targets...
[[0;32m  OK  [0m] Started Login Service.
[[0;32m  OK  [0m] Started Unattended Upgrades Shutdown.
[[0;32m  OK  [0m] Started LSB: Record successful boot for GRUB.
[[0;32m  OK  [0m] Started Login to default iSCSI targets.
         Starting Authenticate and Authorize Users to Run Privileged Tasks...
[[0;32m  OK  [0m] Reached target Remote File Systems (Pre).
[[0;32m  OK  [0m] Reached target Remote File Systems.
         Starting Permit User Sessions...
         Starting LSB: automatic crash report generation...
         Starting LSB: daemon to balance interrupts for SMP systems...
         Starting LSB: Set the CPU Frequency Scaling governor to "ondemand"...
[[0;32m  OK  [0m] Started LSB: MD monitoring daemon.
[[0;32m  OK  [0m] Started LSB: Set the CPU Frequency Scaling governor to "ondemand".
[[0;32m  OK  [0m] Started Permit User Sessions.
         Starting Terminate Plymouth Boot Screen...
         Starting Hold until boot process finishes up...
[[0;32m  OK  [0m] Started Terminate Plymouth Boot Screen.
[[0;32m  OK  [0m] Started Hold until boot process finishes up.
         Starting Set console scheme...
[[0;32m  OK  [0m] Started Serial Getty on ttyS0.
[[0;32m  OK  [0m] Started Getty on tty1.
[[0;32m  OK  [0m] Reached target Login Prompts.
[[0;32m  OK  [0m] Started LSB: automatic crash report generation.
[[0;32m  OK  [0m] Started Set console scheme.
[[0;32m  OK  [0m] Started LSB: daemon to balance interrupts for SMP systems.
[[0;32m  OK  [0m] Started Authenticate and Authorize Users to Run Privileged Tasks.
[[0;32m  OK  [0m] Started Accounts Service.
[[0;32m  OK  [0m] Started Virtualbox guest utils.
[[0;32m  OK  [0m] Started Pollinate to seed the pseudo random number generator.
         Starting OpenBSD Secure Shell server...
[[0;32m  OK  [0m] Started OpenBSD Secure Shell server.
[[0;32m  OK  [0m] Started LXD - container startup/shutdown.
[[0;32m  OK  [0m] Started Snappy daemon.
         Starting Wait until snapd is fully seeded...

Ubuntu 16.04.6 LTS ubuntu-xenial ttyS0

ubuntu-xenial login: [   41.550099] cloud-init[1393]: Generating locales (this might take a while)...
[   45.596659] cloud-init[1393]:   en_US.UTF-8... done
[   45.599651] cloud-init[1393]: Generation complete.
[   47.905116] cloud-init[1393]: Cloud-init v. 19.1-1-gbaa47854-0ubuntu1~16.04.1 running 'modules:config' at Sat, 22 Jun 2019 12:39:29 +0000. Up 40.96 seconds.
ci-info: no authorized ssh keys fingerprints found for user ubuntu.
<14>Jun 22 12:39:38 ec2: 
<14>Jun 22 12:39:38 ec2: #############################################################
<14>Jun 22 12:39:38 ec2: -----BEGIN SSH HOST KEY FINGERPRINTS-----
<14>Jun 22 12:39:38 ec2: 1024 SHA256:1XkSVDn4hJoZQ4hdH4TsEMwe5Ptl+tQ+wAtH8S7CgHk root@ubuntu-xenial (DSA)
<14>Jun 22 12:39:38 ec2: 256 SHA256:45S48/mipLEHID392sgl+fAVpS7R+/UQhbOZSxiotFQ root@ubuntu-xenial (ECDSA)
<14>Jun 22 12:39:38 ec2: 256 SHA256:uViSYqoNv4AwWcixFEdIGBm/RLCjAfiUyjV8uM6tug0 root@ubuntu-xenial (ED25519)
<14>Jun 22 12:39:38 ec2: 2048 SHA256:9Kh7dD2vIfe5IPIjZPUZeFbOtIQ9INmG63fOl+P1ZGU root@ubuntu-xenial (RSA)
<14>Jun 22 12:39:38 ec2: -----END SSH HOST KEY FINGERPRINTS-----
<14>Jun 22 12:39:38 ec2: #############################################################
-----BEGIN SSH HOST KEY KEYS-----
ecdsa-sha2-nistp256 AAAAE2VjZHNhLXNoYTItbmlzdHAyNTYAAAAIbmlzdHAyNTYAAABBBIb0rmpPa/CDmQGjDNvWO5KzQfzqb17aLrg7jy1AJA/MYM6sV8sK9W4X83gOr3rdcEbOTrGxnAMbyEiuiBPtUsk= root@ubuntu-xenial
ssh-ed25519 AAAAC3NzaC1lZDI1NTE5AAAAINDCpX6GwVESC+pzwoqrwo2xZFjjeY7rDIPOcifueGCQ root@ubuntu-xenial
ssh-rsa AAAAB3NzaC1yc2EAAAADAQABAAABAQDU20UWnfVFGqTUxF6Bj7bfJ/apfQvmYf3gEFSlSyJqCmIViI4boxYtoxFvuwpvXR34UxB4xsc8K+sfTojXKsHXqtFhzcKGezNQJ+1010nsJHPlGcwWzdegB9StpQAI2Er0C0fvnxKmU02CvR/LBwxDMRGAHvje8LXV0tc20qwkGycHkBC7VbsmhqoHCrcXFfq5It/84LVNYYWdYJ9S7/aZ9teq1UNuFl4zg/qszXhPedLmMZq4tBi202ySpWZmhMawIWGcaoMUcLB1eLfKVIMPnz+4pJAF55Eugq1AGqad7Bk0OYYVqzG929OSS6wj9n6TKWNXOn7lv3aiqNKZLgz3 root@ubuntu-xenial
-----END SSH HOST KEY KEYS-----
[   49.582494] cloud-init[1763]: Cloud-init v. 19.1-1-gbaa47854-0ubuntu1~16.04.1 running 'modules:final' at Sat, 22 Jun 2019 12:39:37 +0000. Up 49.10 seconds.
[   49.583533] cloud-init[1763]: ci-info: no authorized ssh keys fingerprints found for user ubuntu.
[   49.585488] cloud-init[1763]: Cloud-init v. 19.1-1-gbaa47854-0ubuntu1~16.04.1 finished at Sat, 22 Jun 2019 12:39:38 +0000. Datasource DataSourceNoCloud [seed=/dev/sdb][dsmode=net].  Up 49.55 seconds
[  105.179147] e1000 0000:00:03.0 enp0s3: Detected Tx Unit Hang
[  105.179147]   Tx Queue             <0>
[  105.179147]   TDH                  <3e>
[  105.179147]   TDT                  <40>
[  105.179147]   next_to_use          <40>
[  105.179147]   next_to_clean        <3e>
[  105.179147] buffer_info[next_to_clean]
[  105.179147]   time_stamp           <ffff3dc6>
[  105.179147]   next_to_watch        <3f>
[  105.179147]   jiffies              <ffff40ef>
[  105.179147]   next_to_watch.status <0>
[  107.209589] e1000 0000:00:03.0 enp0s3: Detected Tx Unit Hang
[  107.209589]   Tx Queue             <0>
[  107.209589]   TDH                  <3e>
[  107.209589]   TDT                  <40>
[  107.209589]   next_to_use          <40>
[  107.209589]   next_to_clean        <3e>
[  107.209589] buffer_info[next_to_clean]
[  107.209589]   time_stamp           <ffff3dc6>
[  107.209589]   next_to_watch        <3f>
[  107.209589]   jiffies              <ffff42eb>
[  107.209589]   next_to_watch.status <0>
[  108.635699] e1000 0000:00:03.0 enp0s3: Reset adapter
